ok  	M01	1p/0f	exit	find x1	stores the credential in the vault and never on the row
ok  	M02	1p/0f	exit	find x1	refuses a blank name
ok  	M03	1p/0f	exit	find x1	refuses a name longer than the column should hold
ok  	M04	1p/0f	exit	find x1	refuses a type this package cannot read
ok  	M05	1p/0f	exit	find x1	refuses a paired directory source that is not a uuid
ok  	M06	1p/0f	exit	find x1	refuses an enforcement mode that is not one of the two
ok  	M07	1p/0f	exit	find x1	refuses a percentage above 100
ok  	M08	1p/0f	exit	find x1	refuses a negative percentage
ok  	M09	1p/0f	exit	find x1	refuses a non-integer percentage
ok  	M10	1p/0f	exit	find x1	refuses a threshold name it does not know
ok  	M11	1p/0f	exit	find x1	writes the thresholds it accepts
ok  	M12	1p/0f	exit	find x1	refuses a threshold outside the range and writes nothing at all
ok  	M14	1p/0f	exit	find x1	accepts a revocation that falls on the disable day itself
ok  	M15	1p/0f	exit	find x1	validates the ladder ordering before writing
BAD 	M16	0p/0f	exit	find x1	validates that archive falls strictly after the disable
ok  	M17	1p/0f	exit	find x1	clears the archive step when the ladder sets it to null
ok  	M18	1p/0f	exit	find x1	stores the resolved configuration, defaults and all
ok  	M20	1p/0f	exit	find x1	creates a target enabled and not auto-applying
ok  	M23	1p/0f	exit	find x1	pairs a target with a directory source and stores it
ok  	M24	1p/0f	exit	find x1	records where the target points on the creation event
ok  	M25	2p/0f	exit	find x1	stores the schedule an update sets and clears it with null|leaves the ladder alone when the update does not mention it
ok  	M26	1p/0f	exit	find x1	replaces the configuration whole on an update
ok  	M27	1p/0f	exit	find x1	refuses an update that would put the configuration in the clear
ok  	M28	1p/0f	exit	find x1	stores the schedule an update sets and clears it with null
ok  	M29	1p/0f	exit	find x1	says so when no credential was replaced
ok  	M30	1p/0f	exit	find x1	accepts the run settings and stores them
ok  	M31	1p/0f	exit	find x1	refuses a concurrency of zero
ok  	M32	1p/0f	exit	find x1	refuses zero attempts
ok  	M33	1p/0f	exit	find x1	leaves the ladder alone when the update does not mention it
ok  	M34	1p/0f	exit	find x1	refuses a disable pushed past an archive step already set
ok  	M36	1p/0f	exit	find x1	rotates the credential into the vault entry the row actually names
ok  	M38	1p/0f	exit	find x1	records the enforcement mode change explicitly
ok  	M39	1p/0f	exit	find x1	refuses a target in another tenant
ok  	M40	1p/0f	exit	find x1	refuses a target that is not there rather than reporting three zeroes
ok  	M41	1p/0f	exit	find x1	refuses without confirmation and reports what it holds
ok  	M43	1p/0f	exit	find x1	takes the bind credential with it
ok  	M44	1p/0f	exit	find x1	leaves another target credential alone
ok  	M45	1p/0f	exit	find x1	counts only this target rows
ok  	M47	1p/0f	exit	find x1	returns null when the vault entry is gone
ok  	M50	1p/0f	exit	find x1	refuses when no credential was supplied and none was named
ok  	M51	1p/0f	exit	find x1	refuses to borrow for a different URL
ok  	M52	1p/0f	exit	find x1	refuses to borrow with the certificate check turned off
ok  	M53	4p/0f	exit	find x1	refuses to borrow
ok  	M54	1p/0f	exit	find x1	borrows when the transport matches, and gets as far as the socket
ok  	M55	1p/0f	exit	find x1	refuses to borrow from a target that is not there
ok  	M57	1p/0f	exit	find x1	refuses one written in a different case
ok  	M59	14p/0f	exit	find x1	refuses a template writing
ok  	M61	1p/0f	exit	find x1	accepts sixty-four attribute templates and refuses sixty-five
ok  	M63	1p/0f	exit	find x1	names the offending attribute in the issue path
ok  	M64	1p/0f	exit	find x1	refuses a key that is not an LDAP attribute name
ok  	M65	1p/0f	exit	find x1	bounds the template value length
ok  	M66	1p/0f	exit	find x1	refuses a misspelled key rather than silently ignoring it
ok  	M67	1p/0f	exit	find x1	accepts the highest and lowest password length it permits
ok  	M69	1p/0f	exit	find x1	is reached through the profile schema, not only on its own
ok  	M70	1p/0f	exit	find x1	refuses a template writing userAccountControl
ok  	M71	1p/0f	exit	find x1	refuses a profile with no fallback container
ok  	M72	1p/0f	exit	find x1	bounds the template lengths
ok  	M73	1p/0f	exit	find x1	bounds the uniqueness attempts
ok  	M74	1p/0f	exit	find x1	refuses a uniqueness strategy nothing implements
ok  	M75	1p/0f	exit	find x1	refuses a delivery choice nothing implements
ok  	M76	1p/0f	exit	find x1	refuses a profile for a target that is not there
ok  	M77	1p/0f	exit	find x1	replaces the profile rather than adding a second one
ok  	M79	1p/0f	exit	find x1	audits against the target, so the event can be found from the target
ok  	M80	1p/0f	exit	find x1	accepts a condition at the deepest permitted nesting
ok  	M81	1p/0f	exit	find x1	refuses one level deeper than that
ok  	M82	1p/0f	exit	find x1	accepts a condition holding exactly the permitted number of nodes
ok  	M83	1p/0f	exit	find x1	refuses a wide condition that is nowhere near deep
ok  	M85	1p/0f	exit	find x1	counts depth through any and not as well as all
ok  	M87	1p/0f	exit	find x1	reports exactly one problem, so the recursive schema was never entered
ok  	M88	1p/0f	exit	find x1	binds the cap to businessRuleSchema itself, not to its caller
ok  	M89	1p/0f	exit	find x1	still refuses a condition outside the closed field set
ok  	M90	1p/0f	exit	find x1	refuses a blank name
ok  	M91	1p/0f	exit	find x1	refuses an unbounded entitlement list
ok  	M92	1p/0f	exit	find x1	refuses an entitlement id that is not a uuid
ok  	M93	1p/0f	exit	find x1	accepts the same entitlement named twice
ok  	M94	1p/0f	exit	find x1	refuses to edit a rule that belongs to another target
ok  	M95	1p/0f	exit	find x1	updates in place and audits it as an update
ok  	M96	1p/0f	exit	find x1	refuses to edit a rule that is not there
ok  	M97	1p/0f	exit	find x1	refuses an entitlement belonging to a different target
ok  	M100	1p/0f	exit	find x1	replaces the entitlement joins rather than adding to them
ok  	M101	1p/0f	exit	find x1	stores a validated condition and its entitlement join rows
ok  	M103	1p/0f	exit	find x1	records the condition it stored on the audit event
ok  	M105	1p/0f	exit	find x1	refuses a rule that is not there
ok  	M106	1p/0f	exit	find x1	deletes the rule, its joins and audits it by name
ok  	M107	1p/0f	exit	find x1	excludes an entitlement only another target
ok  	M108	1p/0f	exit	find x1	holds every entitlement any rule for this target names
ok  	M109	1p/0f	exit	find x1	refuses a target whose vault entry is gone
ok  	M110	1p/0f	exit	find x1	refuses to condemn a whole catalog on a read that returned nothing
ok  	M111	1p/0f	exit	find x1	accepts an empty read against a target that has no catalog yet
ok  	M112	1p/0f	exit	find x1	scopes the empty-read refusal to this target
ok  	M113	1p/0f	exit	find x1	writes the catalog it read, identity and DN both
ok  	M116	1p/0f	exit	find x1	writes a change to any one field on its own
ok  	M119	1p/0f	exit	find x1	clears a description the target stopped returning
ok  	M120	1p/0f	exit	find x1	leaves an unreadable entitlement unreadable
ok  	M121	1p/0f	exit	find x1	stamps lastSeenAt on every refresh, not only the first
ok  	M122	1p/0f	exit	find x1	promotes a missing entitlement back to present when it returns
ok  	M124	1p/0f	exit	find x1	marks a vanished entitlement missing rather than deleting it
ok  	M125	1p/0f	exit	find x1	does not recount an entitlement that was already missing
ok  	M126	1p/0f	exit	find x1	leaves another target
ok  	M127	1p/0f	exit	find x1	counts an entitlement the target returned twice once
ok  	M128	1p/0f	exit	find x1	audits the refresh with the numbers it returned
ok  	M129	1p/0f	exit	find x1	records the type the target reported
ok  	M130	1p/0f	exit	find x1	starts a newly discovered entitlement with no holders

1 selectors or patterns need attention
