M01	KILLED	3.8s	0p/1f	secretName not derived from the id
M02	KILLED	3.8s	0p/1f	name may be blank
M03	KILLED	3.9s	0p/1f	name unbounded
M04	KILLED	3.8s	0p/1f	any type accepted
M05	KILLED	3.8s	0p/1f	pairedDirectorySourceId not a uuid
M06	KILLED	4.5s	0p/1f	any enforcement mode accepted
M07	KILLED	1.7s	0p/1f	threshold ceiling widened
M08	KILLED	1.6s	0p/1f	threshold floor widened
M09	KILLED	1.6s	0p/1f	threshold need not be an integer
M10	KILLED	1.7s	0p/1f	thresholds no longer strict
M11	KILLED	6.3s	0p/1f	thresholds never picked
M12	KILLED	6.6s	0p/1f	thresholds not validated before writing
M13	SURVIVED	6.4s	1p/0f	undefined thresholds written through
M14	KILLED	6.4s	0p/1f	ladder revocation may equal the disable is refused
M15	KILLED	6.7s	0p/1f	ladder revocation check inverted off
M16	KILLED	6.5s	0p/1f	archive may equal the disable
M17	KILLED	6.3s	0p/1f	null archive not exempted
M18	KILLED	6.6s	0p/1f	config not parsed on create
M19	KILLED	6.4s	0p/1f	secretName left as pending
M20	KILLED	4.1s	0p/1f	created target defaults to disabled
M21	KILLED	3.8s	0p/1f	created target defaults to auto-applying
M22	KILLED	3.9s	0p/1f	created target defaults to authoritative
M23	KILLED	3.8s	0p/1f	explicit create flags ignored
M24	KILLED	3.8s	0p/1f	creation event drops the transport
M25	KILLED	3.8s	0p/1f	update ignores the name
M26	KILLED	3.8s	0p/1f	update ignores the config
M27	KILLED	3.8s	0p/1f	update config not parsed
M28	KILLED	3.8s	0p/1f	update ignores a null schedule
M29	KILLED	3.8s	0p/1f	update ignores enabled
M30	KILLED	3.8s	0p/1f	run settings dropped
M31	KILLED	4.8s	0p/1f	concurrency floor removed
M32	KILLED	3.8s	0p/1f	maxAttempts floor removed
M33	KILLED	3.8s	0p/1f	ladder merge ignores the stored row
M34	KILLED	3.8s	0p/1f	archive merge ignores the stored row
M35	KILLED	3.8s	0p/1f	ladder never asserted on update
M36	KILLED	3.8s	0p/1f	rotation writes to a derived name
M37	KILLED	3.8s	0p/1f	credentialReplaced always true
M38	KILLED	3.8s	0p/1f	enforcement change recorded backwards
M39	KILLED	3.8s	0p/1f	update on a missing target proceeds
M40	KILLED	3.7s	0p/1f	delete on a missing target proceeds
M41	KILLED	3.8s	0p/1f	confirmation inverted
M42	KILLED	3.9s	0p/1f	confirmation ignored entirely
M43	KILLED	3.8s	0p/1f	vault entry left behind on delete
M44	KILLED	3.8s	0p/1f	delete purges every secret in the tenant
M45	KILLED	3.8s	0p/1f	entitlement count unscoped
M46	KILLED	5.9s	1p/1f	account count unscoped
M47	KILLED	3.8s	0p/1f	missing credential not detected
M48	KILLED	3.8s	0p/1f	stored config cast rather than parsed
M49	KILLED	3.8s	0p/1f	credential read from a derived name
M50	KILLED	3.7s	0p/1f	borrow allowed with no target named
M51	KILLED	3.8s	0p/1f	URL not compared on borrow
M52	KILLED	3.7s	0p/1f	certificate setting not compared on borrow
M53	SURVIVED	10.0s	4p/0f	TLS mode not compared on borrow
M54	KILLED	3.8s	0p/1f	borrow refused whenever the transport matches
M55	KILLED	3.8s	0p/1f	missing saved credential not reported
M56	KILLED	3.8s	0p/1f	a borrow target that is not there is treated as found
M57	KILLED	1.7s	0p/1f	unwritable attributes not folded to lower case
M58	KILLED	1.6s	0p/1f	template name not folded before lookup
M59	KILLED	1.6s	0p/14f	unwritable attribute check removed
M60	KILLED	1.6s	0p/1f	unwritable list narrowed to the disable bit
M61	KILLED	1.7s	0p/1f	attribute count bound widened
M62	KILLED	1.7s	0p/1f	attribute count bound off by one
M63	KILLED	1.7s	0p/1f	issue path drops the attribute name
M64	KILLED	1.6s	0p/1f	attribute names unvalidated
M65	KILLED	1.6s	0p/1f	attribute template values unbounded
M66	KILLED	1.7s	0p/1f	password policy no longer strict
M67	KILLED	1.7s	0p/1f	password length floor removed
M68	KILLED	1.7s	0p/1f	password length floor off by one
M69	KILLED	1.6s	0p/1f	password policy not reached from the profile
M70	KILLED	1.6s	0p/1f	attribute templates not reached from the profile
M71	KILLED	3.8s	0p/1f	fallback container may be blank
M72	KILLED	1.6s	0p/1f	container template unbounded
M73	KILLED	1.6s	0p/1f	uniqueness attempts unbounded
M74	KILLED	1.6s	0p/1f	uniqueness strategy open
M75	KILLED	1.7s	0p/1f	delivery choice open
M76	KILLED	3.8s	0p/1f	profile written for a target that is not there
M77	KILLED	4.7s	0p/1f	profile always created, never updated
M78	KILLED	3.8s	0p/1f	profile update writes nothing
M79	KILLED	3.8s	0p/1f	profile event names the wrong table
M80	KILLED	1.7s	0p/1f	condition depth cap off by one
M81	KILLED	1.6s	0p/1f	condition depth cap removed
M82	KILLED	1.7s	0p/1f	node cap off by one
M83	KILLED	1.7s	0p/1f	node cap removed
M84	KILLED	1.7s	0p/1f	depth never increases through all or any
M85	KILLED	1.6s	0p/1f	any is not traversed
M86	KILLED	1.6s	0p/1f	not is not traversed
M87	KILLED	1.6s	0p/1f	bound not fatal, so the recursion still happens
M88	KILLED	1.7s	0p/1f	bound not applied to the rule schema
M89	KILLED	1.6s	0p/1f	condition no longer validated at all
M90	KILLED	1.7s	0p/1f	rule name may be blank
M91	KILLED	1.7s	0p/1f	rule entitlement list unbounded
M92	KILLED	1.6s	0p/1f	rule entitlement ids not uuids
M93	KILLED	3.7s	0p/1f	entitlement ids not deduplicated
M94	KILLED	3.8s	0p/1f	rule ownership unchecked on edit
M95	KILLED	3.7s	0p/1f	rule ownership comparison inverted
M96	KILLED	6.5s	0p/1f	a missing rule is treated as editable
M97	KILLED	6.5s	0p/1f	entitlement ownership skipped for a single id
M98	KILLED	6.5s	0p/1f	entitlement ownership count unscoped
M99	KILLED	6.6s	0p/1f	ownership comparison can never fail
M100	KILLED	6.5s	0p/1f	old joins not cleared on edit
M101	KILLED	6.6s	0p/1f	joins never written
M102	KILLED	6.6s	0p/1f	an edit is audited as a create
M103	KILLED	6.1s	0p/1f	rule event drops the condition
M104	KILLED	6.4s	0p/1f	an edit creates a second rule
M105	KILLED	6.5s	0p/1f	deleting a rule that is not there is silent
M106	KILLED	6.4s	0p/1f	rule delete event drops the name
M107	KILLED	4.3s	0p/1f	remit unscoped to the target
M108	KILLED	3.8s	0p/1f	remit always empty
M109	KILLED	3.8s	0p/1f	missing credential not detected before the read
M110	KILLED	3.8s	0p/1f	empty read condemns the catalog
M111	KILLED	3.8s	0p/1f	empty read refused even on a fresh target
M112	KILLED	3.8s	0p/1f	empty-read count spans the tenant
M113	KILLED	3.8s	0p/1f	guard fires whether or not the read was empty
M114	SURVIVED	3.9s	1p/0f	new entitlement created missing
M115	KILLED	3.9s	0p/1f	DN not persisted on create
M116	KILLED	3.8s	0p/1f	DN not refreshed on a change
M117	KILLED	4.1s	0p/1f	display name not refreshed on a change
M118	KILLED	3.9s	0p/1f	type not refreshed on a change
M119	KILLED	4.1s	0p/1f	a cleared description is left stale
M120	KILLED	4.3s	0p/1f	the lastSeenAt stamp also writes present over unreadable
M121	KILLED	14.1s	0p/1f	lastSeenAt never restamped
M122	KILLED	4.6s	0p/1f	missing is never promoted back
M123	KILLED	3.9s	0p/1f	promotion also clears unreadable
M124	KILLED	3.8s	0p/1f	vanished entitlements not marked
M125	KILLED	3.8s	0p/1f	already-missing rows recounted
M126	KILLED	3.8s	0p/1f	vanished sweep unscoped to the target
M127	KILLED	3.8s	0p/1f	present counted from the raw read
M128	KILLED	3.8s	0p/1f	refresh event drops its numbers
M129	KILLED	3.8s	0p/1f	type not persisted on create
M130	KILLED	3.8s	0p/1f	refresh invents a holder count
M131	KILLED	3.8s	0p/1f	every group is treated as unchanged
M132	KILLED	3.8s	0p/1f	the change comparison ignores the display name
M133	KILLED	3.8s	0p/1f	the change comparison ignores the type
M134	KILLED	3.9s	0p/1f	the change comparison ignores the description
M135	KILLED	3.9s	0p/1f	the change comparison ignores the DN
M136	KILLED	3.8s	0p/1f	nothing is ever inserted
M137	KILLED	3.9s	0p/1f	the existing-row read is unscoped to the target
M138	KILLED	3.8s	0p/1f	a duplicate externalId is written twice
M139	KILLED	1.7s	0p/1f	a name added to the unwritable export with no test behind it
M140	KILLED	3.8s	0p/1f	brief's test: the vault entry is replaced on rotation
M141	KILLED	3.8s	0p/1f	brief's test: the credential comes back attached
M142	KILLED	3.8s	0p/1f	brief's test: the profile's templates are stored
M145	KILLED	3.8s	0p/1f	unwritable attribute check off, seen from the service
M146	SURVIVED	3.8s	1p/0f	an update may put the configuration in the clear
M147	KILLED	1.7s	0p/1f	rule name bound off by one
M148	KILLED	1.7s	0p/1f	rule description bound off by one
M149	KILLED	1.7s	0p/1f	entitlement list bound off by one
M150	KILLED	1.7s	0p/1f	attribute template value bound off by one
M151	KILLED	1.7s	0p/1f	container template bound off by one
M152	KILLED	1.7s	0p/1f	uniqueness attempt ceiling off by one
M153	KILLED	1.7s	0p/1f	the delivery choice the console produces is refused
M154	KILLED	1.7s	0p/1f	the uniqueness strategy is not defaulted
M155	KILLED	1.7s	0p/1f	a threshold is dropped from the list the guard reads
M156	KILLED	1.7s	0p/1f	the fallback container may be blank, seen from the schema
M157	SURVIVED	1.7s	1p/0f	the attribute-count bound off by one, from the accepting side
M158	KILLED	1.7s	0p/1f	a profile attribute the profile is for is refused
M159	KILLED	3.8s	0p/1f	the remit is narrowed to enabled rules
M160	KILLED	3.8s	0p/1f	the remit is a list rather than a set
M162	KILLED	3.8s	0p/1f	a rename keeps the old display name
M163	KILLED	3.8s	0p/1f	a missing credential is not detected, seen across tenants
M164	KILLED	1.7s	0p/1f	a rule must name at least one entitlement
M165	KILLED	1.7s	0p/1f	the password length becomes required
M166	KILLED	1.7s	0p/1f	the threshold range excludes its own endpoints
M167	KILLED	1.6s	0p/1f	the depth cap is gone, so a deep condition is a RangeError
M168	KILLED	1.7s	0p/1f	any password length is issuable
M169	KILLED	1.7s	0p/1f	a password requirement need not be a boolean

161 killed, 5 survived, 0 inconclusive, of 166
